// Jest Snapshot v1, https://goo.gl/fbAQLP

exports[`<Login /> should match the snapshot 1`] = `
<styled.section>
  <BrandName
    size="3.5rem"
  />
  <styled.h1>
    <styled.span
      color="#B4B4B4"
    >
      <styled.span
        color="#B4B4B4"
        fontWeight="bold"
      >
        Login
      </styled.span>
       
      to find and share beautiful experiences
    </styled.span>
  </styled.h1>
  <styled.form
    onSubmit={[Function]}
    padding="2rem 2.5rem"
  >
    <styled.input
      appearance="none"
      border="1px solid #B4B4B4"
      name="username"
      onChange={[Function]}
      placeholder="Username"
      type="text"
      value="username"
    />
    <styled.input
      appearance="none"
      border="1px solid #B4B4B4"
      name="password"
      onChange={[Function]}
      placeholder="Password"
      type="password"
      value="password"
    />
    <styled.span>
      status
    </styled.span>
    <ThemeProvider
      theme={
        Object {
          "bgc": "#F3615C",
          "borderColor": "#F3615C",
          "color": "white",
          "fontSize": "1.5rem",
          "fweight": 500,
          "height": "3rem",
          "hoverbgc": "#ed4949",
          "margin": "3rem 0 0 0",
          "padding": ".5rem 1rem",
          "width": "inherit",
        }
      }
    >
      <styled.button>
        Login
      </styled.button>
    </ThemeProvider>
  </styled.form>
  <styled.footer>
    <styled.span
      color="#888888"
      fontWeight={100}
    >
      Don't have an account?
    </styled.span>
     
    <styled.a
      onClick={[MockFunction]}
    >
      Signup
    </styled.a>
  </styled.footer>
</styled.section>
`;
